#status
  should: %s raise_error(Whois::PropertyNotSupported)

#available?
  should: %s == false

#registered?
  should: %s == true


#created_on
  should: %s CLASS(time)
  should: %s == Time.parse("1999-03-15")

#updated_on
  should: %s CLASS(time)
  should: %s == Time.parse("2011-02-11")

#expires_on
  should: %s CLASS(time)
  should: %s == Time.parse("2012-03-14")


#registrar
  should: %s CLASS(registrar)
  should: %s.id           == nil
  should: %s.name         == "Markmonitor.com"
  should: %s.url          == "http://www.markmonitor.com"


#registrant_contacts
  should: %s CLASS(array)
  should: %s SIZE(1)
  should: %s[0] CLASS(contact)
  should: %s[0].type         == Whois::Record::Contact::TYPE_REGISTRANT
  should: %s[0].name         == "DNS Admin"
  should: %s[0].organization == "Google Inc."
  should: %s[0].address      == "1600 Amphitheatre Parkway"
  should: %s[0].city         == "Mountain View"
  should: %s[0].zip          == "94043"
  should: %s[0].state        == "CA"
  should: %s[0].country_code == "US"
  should: %s[0].phone        == "+1.6506234000"
  should: %s[0].fax          == "+1.6506188571"
  should: %s[0].email        == "dns-admin@google.com"

#admin_contacts
  should: %s CLASS(array)
  should: %s SIZE(1)
  should: %s[0] CLASS(contact)
  should: %s[0].type         == Whois::Record::Contact::TYPE_ADMIN
  should: %s[0].name         == "DNS Admin"
  should: %s[0].organization == "Google Inc."
  should: %s[0].address      == "1600 Amphitheatre Parkway"
  should: %s[0].city         == "Mountain View"
  should: %s[0].zip          == "94043"
  should: %s[0].state        == "CA"
  should: %s[0].country_code == "US"
  should: %s[0].phone        == "+1.6506234000"
  should: %s[0].fax          == "+1.6506188571"
  should: %s[0].email        == "dns-admin@google.com"

#technical_contacts
  should: %s CLASS(array)
  should: %s SIZE(1)
  should: %s[0] CLASS(contact)
  should: %s[0].type         == Whois::Record::Contact::TYPE_TECHNICAL
  should: %s[0].name         == "DNS Admin"
  should: %s[0].organization == "Google Inc."
  should: %s[0].address      == "1600 Amphitheatre Parkway"
  should: %s[0].city         == "Mountain View"
  should: %s[0].zip          == "94043"
  should: %s[0].state        == "CA"
  should: %s[0].country_code == "US"
  should: %s[0].phone        == "+1.6506234000"
  should: %s[0].fax          == "+1.6506188571"
  should: %s[0].email        == "dns-admin@google.com"


#nameservers
  should: %s CLASS(array)
  should: %s SIZE(4)
  should: %s[0] CLASS(nameserver)
  should: %s[0].name == "ns2.google.com"
  should: %s[1] CLASS(nameserver)
  should: %s[1].name == "ns1.google.com"
  should: %s[2] CLASS(nameserver)
  should: %s[2].name == "ns4.google.com"
  should: %s[3] CLASS(nameserver)
  should: %s[3].name == "ns3.google.com"
