#domain
  should: %s == nil

#domain_id
  should: %s raise_error(Whois::PropertyNotSupported)


#status
  should: %s == :available

#available?
  should: %s == true

#registered?
  should: %s == false


#created_on
  should: %s == nil

#updated_on
  should: %s == nil

#expires_on
  should: %s == nil


#registrar
  should: %s == nil

#registrant_contacts
  should: %s CLASS(array)
  should: %s == []

#admin_contacts
  should: %s CLASS(array)
  should: %s == []

#technical_contacts
  should: %s CLASS(array)
  should: %s == []


#nameservers
  should: %s CLASS(array)
  should: %s == []
